// Jest Snapshot v1, https://goo.gl/fbAQLP

exports[`<CreateProduct/> renders and matches snapshot 1`] = `
<div>
  <form
    class=" shadow-bs bg-gray-100 border-4 border-white p-5 text-base leading-6 font-semibold"
  >
    <h2
      class="text-2xl"
    >
      Add a Product
       
      <div
        class="my-2 bg-gradient-to-r from-slick to-amber-400 h-3 mb-4"
      />
    </h2>
    <fieldset
      aria-busy="false"
      class="border-0 p-0"
    >
      <label
        class="block mb-4 text-xl"
        for="image"
      >
        Image
        <input
          class="w-full rounded-xl my-2 p-3 text-sm border-2 border-slate-600"
          id="image"
          name="image"
          required=""
          type="file"
        />
      </label>
      <label
        class="block mb-4 text-xl"
        for="name"
      >
        Name
        <input
          class="w-full rounded-xl my-2 p-3 text-sm border-2 border-slate-600"
          id="name"
          name="name"
          placeholder=" Product Name"
          type="text"
          value=""
        />
      </label>
      <label
        class="block mb-4 text-xl"
        for="price"
      >
        Price
        <input
          class="w-full rounded-xl my-2 p-3 text-sm border-2 border-slate-600"
          id="price"
          name="price"
          placeholder="Price"
          type="number"
          value="0"
        />
      </label>
      <label
        class="block mb-4 text-xl"
        for="description"
      >
        Description
        <textarea
          class="w-full rounded-xl my-2 p-3 text-sm border-2 border-slate-600"
          id="description"
          name="description"
          placeholder="Description"
          type="text"
        />
      </label>
      <button
        class="rounded-xl w-fit bg-slick text-white border-0 text-lg font-semibold p-4"
        type="submit"
      >
        + Add Product
      </button>
    </fieldset>
  </form>
</div>
`;
